
> property-dosti@0.1.0 build
> next build

Γû▓ Next.js 16.1.6 (Turbopack)
- Environments: .env.local

node.exe : ΓÜá The 
"middleware" file 
convention is 
deprecated. Please 
use "proxy" instead. 
Learn more: https://ne
xtjs.org/docs/messages
/middleware-to-proxy
At line:1 char:1
+ & "C:\Program Files\
nodejs/node.exe" 
"C:\Program 
Files\nodejs/node_mo 
...
+ ~~~~~~~~~~~~~~~~~~~~
~~~~~~~~~~~~~~~~~~~~~~
~~~~~~~~~~~~~~~~~~~~~~
~~~~~
    + CategoryInfo    
          : NotSpeci  
  fied: (ΓÜá The "m   
 iddle...leware-to    
-proxy:String) []    
, RemoteException
    + FullyQualifiedE 
   rrorId : NativeCo  
  mmandError
 
  Creating an optimized production build ...
Γ£ô Compiled successfully in 7.6s
  Running TypeScript ...
Failed to compile.

./src/features/broker/
Dashboard.tsx:79:9
Type error: Type 
'Resolver<{ title: 
string; description: 
string; price: 
unknown; district: 
string; location: 
string; type: "sale" 
| "rent" | "lease"; 
category?: string | 
null | undefined; 
structureType?: 
string | null | 
undefined; ... 9 more 
...; hidePrice?: 
boolean | undefined; 
}, any, { ...; }>' is 
not assignable to 
type 'Resolver<{ 
title: string; 
description: string; 
price: number; 
district: string; 
location: string; 
type: "sale" | "rent" 
| "lease"; category?: 
string | null | 
undefined; 
structureType?: 
string | null | 
undefined; ... 9 more 
...; hidePrice?: 
boolean | undefined; 
}, any, { ...; }>'.
  Types of parameters 
'options' and 
'options' are 
incompatible.
    Type 
'ResolverOptions<{ 
title: string; 
description: string; 
price: number; 
district: string; 
location: string; 
type: "sale" | "rent" 
| "lease"; category?: 
string | null | 
undefined; 
structureType?: 
string | null | 
undefined; ... 9 more 
...; hidePrice?: 
boolean | undefined; 
}>' is not assignable 
to type 
'ResolverOptions<{ 
title: string; 
description: string; 
price: unknown; 
district: string; 
location: string; 
type: "sale" | "rent" 
| "lease"; category?: 
string | null | 
undefined; 
structureType?: 
string | null | 
undefined; ... 9 more 
...; hidePrice?: 
boolean | undefined; 
}>'.
      Types of 
property 'names' are 
incompatible.
        Type 
'string[] | 
undefined' is not 
assignable to type 
'("type" | "title" | 
"description" | 
"price" | "district" 
| "location" | 
"village" | 
"hidePrice" | 
"category" | 
"structureType" | 
"landArea" | 
"floorNumber" | 
"floorDetail" | ... 4 
more ... | 
"googleMapLink")[] | 
undefined'.
          Type 
'string[]' is not 
assignable to type 
'("type" | "title" | 
"description" | 
"price" | "district" 
| "location" | 
"village" | 
"hidePrice" | 
"category" | 
"structureType" | 
"landArea" | 
"floorNumber" | 
"floorDetail" | 
"parkingSpaces" | 
"parkingType" | 
"parkingAllocated" | 
"facilities" | 
"googleMapLink")[]'.
            Type 
'string' is not 
assignable to type 
'"type" | "title" | 
"description" | 
"price" | "district" 
| "location" | 
"village" | 
"hidePrice" | 
"category" | 
"structureType" | 
"landArea" | 
"floorNumber" | 
"floorDetail" | 
"parkingSpaces" | 
"parkingType" | 
"parkingAllocated" | 
"facilities" | 
"googleMapLink"'.

[0m [90m 77 |[39m  
   [90m// Form Watch 
for Conditional 
Logic[39m
 [90m 78 |[39m     
[36mconst[39m { 
register[33m,[39m ha
ndleSubmit[33m,[39m 
reset[33m,[39m 
watch[33m,[39m 
formState[33m:[39m 
{ errors }[33m,[39m 
setValue } 
[33m=[39m useForm[3
3m<[39m[33mPropertyF
ormValues[39m[33m>[
39m({
[31m[1m>[22m[39m[
90m 79 |[39m         
resolver[33m:[39m zo
dResolver(propertySche
ma)[33m,[39m
 [90m    |[39m      
   
[31m[1m^[22m[39m
 [90m 80 |[39m      
   defaultValues[33m:
[39m {
 [90m 81 |[39m      
       
district[33m:[39m [
32m''[39m[33m,[39m
 [90m 82 |[39m      
       structureType[
33m:[39m [32m'Villa'
[39m[33m,[39m[0m
Next.js build worker 
exited with code: 1 
and signal: null
